C51 COMPILER V9.54   ________LED____                                                       02/09/2016 15:34:02 PAGE 1   


C51 COMPILER V9.54, COMPILATION OF MODULE ________LED____
OBJECT MODULE PLACED IN .\Objects\按键控制led亮法.obj
COMPILER INVOKED BY: C:\Keil_v5\C51\BIN\C51.EXE 按键控制led亮法.c OPTIMIZE(8,SPEED) BROWSE DEBUG OBJECTEXTEND PRINT(.\Li
                    -stings\按键控制led亮法.lst) TABS(2) OBJECT(.\Objects\按键控制led亮法.obj)

line level    source

   1          //瀹炵幇涓嶅悓鐨勬寜閿寜涓嬫樉绀轰笉鍚岀殑led鐐逛寒杩囩▼
   2          
   3          #include <reg52.h>
   4          #include <intrins.h>
   5          #define uint unsigned int
   6          #define uchar unsigned char
   7          #define delay_time 300
   8          
   9          sbit HC138A = P2^5;
  10          sbit HC138B = P2^6;
  11          sbit HC138C = P2^7;
  12          
  13          sbit S7 = P3^0;
  14          sbit S6 = P3^1;
  15          sbit S5 = P3^2;
  16          sbit S4 = P3^3;
  17          
  18          void delay(uint);
  19          void U6(void);
  20          void key_scan(void);
  21          
  22          void delay(uint x)
  23          {
  24   1        uint i,j;
  25   1        for(i=x;i>0;i--){
  26   2          for(j=110;j>0;j--);
  27   2        }
  28   1      } 
  29          
  30          void U6(void)
  31          {
  32   1        HC138A=0;
  33   1        HC138B=0;
  34   1        HC138C=0;
  35   1        _nop_();
  36   1        HC138C=1;
  37   1      }
  38          
  39          void main()
  40          {
  41   1        HC138C=0;HC138B=0;HC138A=0;
  42   1        while(1){
  43   2          key_scan();
  44   2        }
  45   1      }
  46          
  47          void key_scan(void)
  48          {
  49   1        uint i=0,j;
  50   1        if(S7==0) i=1;
  51   1        if(S6==0) i=2;
  52   1        if(S5==0) i=3;
  53   1        if(S4==0) i=4;
  54   1        P0 = 0xff;
C51 COMPILER V9.54   ________LED____                                                       02/09/2016 15:34:02 PAGE 2   

  55   1        for(j=0;j<i;j++){
  56   2          P0 = 0x00;
  57   2          U6();
  58   2          delay(delay_time);
  59   2          P0 =0xff;
  60   2          U6();
  61   2          delay(delay_time);
  62   2        }
  63   1      }


MODULE INFORMATION:   STATIC OVERLAYABLE
   CODE SIZE        =    117    ----
   CONSTANT SIZE    =   ----    ----
   XDATA SIZE       =   ----    ----
   PDATA SIZE       =   ----    ----
   DATA SIZE        =   ----    ----
   IDATA SIZE       =   ----    ----
   BIT SIZE         =   ----    ----
END OF MODULE INFORMATION.


C51 COMPILATION COMPLETE.  0 WARNING(S),  0 ERROR(S)
