C51 COMPILER V9.54   LEDS_DONGTAI                                                          02/09/2016 22:22:33 PAGE 1   


C51 COMPILER V9.54, COMPILATION OF MODULE LEDS_DONGTAI
OBJECT MODULE PLACED IN .\Objects\leds dongtai.obj
COMPILER INVOKED BY: C:\Keil_v5\C51\BIN\C51.EXE leds dongtai.c OPTIMIZE(8,SPEED) BROWSE DEBUG OBJECTEXTEND PRINT(.\Listi
                    -ngs\leds dongtai.lst) TABS(2) OBJECT(.\Objects\leds dongtai.obj)

line level    source

   1          #include <reg52.h>
   2          #include <intrins.h>
   3          #include <self.h>
   4          #define uint unsigned int
   5          #define uchar unsigned char
   6          #define delay_time 3
   7          
   8          code unsigned char duan[16] = {0xc0,0xf9,0xa4,0xb0,0x99,0x92,0x82,0xf8,0x80,0x90,0x88,0x83,0xc6,0xa1,0x86,
             -0x8e};
   9          code unsigned char wei[9] = {0x01,0x02,0x04,0x08,0x10,0x20,0x40,0x80,0xff};
  10          
  11          
  12          void main()
  13          {
  14   1        uchar i=0;
  15   1        while(1){
  16   2          P0=duan[i%8];
  17   2          U7_duan();
  18   2          P0=wei[i%8];
  19   2          U6_wei();
  20   2          //P0=0xff; //xiaoying
  21   2          i++;
  22   2          delay(delay_time);
  23   2          /*if(i%8==0){
  24   2            P0=duan[15];
  25   2            U7_duan();
  26   2            P0=wei[8];
  27   2            U6_wei();
  28   2            delay(delay_time);
  29   2          }*/
  30   2        }
  31   1      }


MODULE INFORMATION:   STATIC OVERLAYABLE
   CODE SIZE        =    232    ----
   CONSTANT SIZE    =     25    ----
   XDATA SIZE       =   ----    ----
   PDATA SIZE       =   ----    ----
   DATA SIZE        =      3       1
   IDATA SIZE       =   ----    ----
   BIT SIZE         =      1    ----
END OF MODULE INFORMATION.


C51 COMPILATION COMPLETE.  0 WARNING(S),  0 ERROR(S)
