C51 COMPILER V9.54   BEEF                                                                  02/10/2016 13:14:44 PAGE 1   


C51 COMPILER V9.54, COMPILATION OF MODULE BEEF
OBJECT MODULE PLACED IN .\Objects\beef.obj
COMPILER INVOKED BY: C:\Keil_v5\C51\BIN\C51.EXE beef.c OPTIMIZE(8,SPEED) BROWSE DEBUG OBJECTEXTEND PRINT(.\Listings\beef
                    -.lst) TABS(2) OBJECT(.\Objects\beef.obj)

line level    source

   1          #include <reg52.h>
   2          #include <intrins.h>
   3          #include <self.h>
   4          #define uint unsigned int 
   5          #define uchar unsigned char
   6          
   7          sbit S7=P3^0;
   8          sbit S6=P3^1;
   9          sbit S5=P3^2;
  10          sbit S4=P3^3;
  11          
  12          char temp[4] = {0x40,0x00,0x10,0x00}; //对应分别是打开蜂鸣器 关闭蜂鸣器 打开继电器 断
             -开继电器
  13          
  14          
  15          void main()
  16          {
  17   1        uint i=2,j;
  18   1        S7=1;S6=1;S5=1;S4=1;
  19   1        P2=P2&0x1f;
  20   1        while(1)
  21   1          {
  22   2              if(S7 == 0)
  23   2              {
  24   3              delay(5);//小段延时 进行消抖
  25   3                if(S7 == 0){
  26   4                  i=1;
  27   4                }     
  28   3              }
  29   2              if(S6 == 0)
  30   2              {
  31   3                delay(5);//小段延时 进行消抖
  32   3                if(S6 == 0){
  33   4                  i=2;
  34   4                }
  35   3              }
  36   2              if(S5 == 0)
  37   2              {
  38   3                delay(5);//小段延时 进行消抖
  39   3                if(S5 == 0){
  40   4                  i=3;
  41   4                }
  42   3              }
  43   2              if(S4 == 0)
  44   2              {
  45   3                 delay(5);//小段延时 进行消抖
  46   3                if(S4 == 0){
  47   4                  i=4;
  48   4                } 
  49   3              }
  50   2              for(j=0;j<i;j++){
  51   3                  P0 = temp[0];
  52   3                 U9_control();
  53   3                delay(300);
C51 COMPILER V9.54   BEEF                                                                  02/10/2016 13:14:44 PAGE 2   

  54   3                  P0 = temp[2];
  55   3                  U9_control();
  56   3                  delay(300);
  57   3                  P0 = temp[1];
  58   3                 U9_control();
  59   3                delay(300);
  60   3                  P0 = temp[3];
  61   3                  U9_control();
  62   3                  delay(300);
  63   3              }
  64   2              i=0;
  65   2            }
  66   1      }


MODULE INFORMATION:   STATIC OVERLAYABLE
   CODE SIZE        =    351    ----
   CONSTANT SIZE    =   ----    ----
   XDATA SIZE       =   ----    ----
   PDATA SIZE       =   ----    ----
   DATA SIZE        =      7       1
   IDATA SIZE       =   ----    ----
   BIT SIZE         =      1    ----
END OF MODULE INFORMATION.


C51 COMPILATION COMPLETE.  0 WARNING(S),  0 ERROR(S)
